groups:
  group-001:
    replicasets:
      replicaset-001:
        instances:
          instance-001:
            database:
              mode: rw
          instance-002:
            database:
              mode: rw
