[94m{[0m
  [94mtime[0m: [1m1011[0m
  [94mlevel[0m: WARN
  [94mmsg[0m: [3mretrying of unary invoker failed[0m
  [94mattempt[0m: [2m0,[0m
  [94merror[0m: [2m"rpc error: code = Canceled desc = context canceled",[0m
  [94msource[0m: [2m{[0m
    [94mfile[0m: [2m"go.etcd.io/etcd/client/v3@v3.5.15/retry_interceptor.go",[0m
    [94mfunction[0m: [2m"go.etcd.io/etcd/client/v3.(*Client).unaryClientInterceptor.func1",[0m
    [94mline[0m: [2m63[0m
[2m  },[0m
  [94mtarget[0m: [2m"etcd-endpoints://0xc00048a1e0/127.0.0.1:2379"[0m
[94m}[0m
[96m{[0m
  [96mtime[0m: [1m1012[0m
  [96mkey/val[0m: [4mTCM_HTTP_TLS_CURVE_PREFERENCES[0m=[3m<nil>[0m
  [96msource[0m: [2m{[0m
    [96mfile[0m: [2m"tarantool-cluster-manager/internal/pkg/utils/struct.go",[0m
    [96mfunction[0m: [2m"tarantool-cluster-manager/internal/pkg/utils.Display",[0m
    [96mline[0m: [2m61[0m
[2m  }[0m
[96m}[0m
---=== EOF(1) ===---
[95m{[0m
  [95mtime[0m: [1m2001[0m
  [95mlevel[0m: INFO
  [95mmsg[0m: [3mversion: 1.3.1-0-g074b5ffa[0m
  [95msource[0m: [2m{[0m
    [95mfile[0m: [2m"tarantool-cluster-manager/internal/app/tcm/server/server.go",[0m
    [95mfunction[0m: [2m"tarantool-cluster-manager/internal/app/tcm/server.(*TcmAPI).Serve",[0m
    [95mline[0m: [2m181[0m
[2m  }[0m
[95m}[0m
[34m{[0m
  [34mtime[0m: [1m2002[0m
  [34mlevel[0m: INFO
  [34mmsg[0m: [3mconnecting to storage...[0m
  [34msource[0m: [2m{[0m
    [34mfile[0m: [2m"tarantool-cluster-manager/internal/app/tcm/server/server.go",[0m
    [34mfunction[0m: [2m"tarantool-cluster-manager/internal/app/tcm/server.(*TcmAPI).Serve",[0m
    [34mline[0m: [2m203[0m
[2m  }[0m
[34m}[0m
[36m{[0m
  [36mtime[0m: [1m2003[0m
  [36mlevel[0m: INFO
  [36mmsg[0m: [3mconnected to storage[0m
  [36msource[0m: [2m{[0m
    [36mfile[0m: [2m"tarantool-cluster-manager/internal/app/tcm/server/server.go",[0m
    [36mfunction[0m: [2m"tarantool-cluster-manager/internal/app/tcm/server.(*TcmAPI).Serve",[0m
    [36mline[0m: [2m210[0m
[2m  }[0m
[36m}[0m
[35m{[0m
  [35mtime[0m: [1m2004[0m
  [35mlevel[0m: INFO
  [35mmsg[0m: [3mvalidation storage entities...[0m
  [35msource[0m: [2m{[0m
    [35mfile[0m: [2m"tarantool-cluster-manager/internal/app/tcm/server/server.go",[0m
    [35mfunction[0m: [2m"tarantool-cluster-manager/internal/app/tcm/server.(*TcmAPI).Serve",[0m
    [35mline[0m: [2m212[0m
[2m  }[0m
[35m}[0m
[94m{[0m
  [94mtime[0m: [1m2005[0m
  [94mlevel[0m: INFO
  [94mmsg[0m: [3mstorage entities validated[0m
  [94msource[0m: [2m{[0m
    [94mfile[0m: [2m"tarantool-cluster-manager/internal/app/tcm/server/server.go",[0m
    [94mfunction[0m: [2m"tarantool-cluster-manager/internal/app/tcm/server.(*TcmAPI).Serve",[0m
    [94mline[0m: [2m222[0m
[2m  }[0m
[94m}[0m
[96m{[0m
  [96mtime[0m: [1m2006[0m
  [96mlevel[0m: INFO
  [96mmsg[0m: [3mschema is up to date[0m
  [96msource[0m: [2m{[0m
    [96mfile[0m: [2m"tarantool-cluster-manager/internal/pkg/storage/storage.go",[0m
    [96mfunction[0m: [2m"tarantool-cluster-manager/internal/pkg/storage.(*StorageImpl).Bootstrap",[0m
    [96mline[0m: [2m339[0m
[2m  }[0m
[96m}[0m
[95m{[0m
  [95mtime[0m: [1m2007[0m
  [95mlevel[0m: INFO
  [95mmsg[0m: [3mstop to watch auditlog settings[0m
  [95mendpoints[0m: [2m[[0m
[2m    "http://127.0.0.1:2379"[0m
[2m  ],[0m
  [95msource[0m: [2m{[0m
    [95mfile[0m: [2m"tarantool-cluster-manager/internal/app/tcm/server/background.go",[0m
    [95mfunction[0m: [2m"tarantool-cluster-manager/internal/app/tcm/server.(*TcmAPI).WatchAuditlogSettings",[0m
    [95mline[0m: [2m42[0m
[2m  }[0m
[95m}[0m
[34m{[0m
  [34mtime[0m: [1m2008[0m
  [34mlevel[0m: INFO
  [34mmsg[0m: [3m"\n\n\n"[0m
  [34mkey/val[0m: [4mTCM_CLUSTER_TT_COMMAND[0m=[3mtt[0m
  [34msource[0m: [2m{[0m
    [34mfile[0m: [2m"tarantool-cluster-manager/internal/pkg/utils/struct.go",[0m
    [34mfunction[0m: [2m"tarantool-cluster-manager/internal/pkg/utils.Display",[0m
    [34mline[0m: [2m74[0m
[2m  }[0m
[34m}[0m
[36m{[0m
  [36mtime[0m: [1m2009[0m
  [36mlevel[0m: INFO
  [36mmsg[0m: [3mbuild setting[0m
  [36mpath[0m: [2m"github.com/smacker/go-tree-sitter",[0m
  [36msource[0m: [2m{[0m
    [36mfile[0m: [2m"tarantool-cluster-manager/cmd/tcm/tcm.go",[0m
    [36mfunction[0m: [2m"tarantool-cluster-manager/cmd/tcm.TcmMain",[0m
    [36mline[0m: [2m329[0m
[2m  },[0m
  [36msum[0m: [2m"",[0m
  [36mversion[0m: [2m"v0.0.0-20240625050157-a31a98a7c0f6"[0m
[36m}[0m
[35m{[0m
  [35mtime[0m: [1m2010[0m
  [35mlevel[0m: WARN
  [35mmsg[0m: [3mretrying of unary invoker failed[0m
  [35mattempt[0m: [2m0,[0m
  [35merror[0m: [2m"rpc error: code = Canceled desc = context canceled",[0m
  [35msource[0m: [2m{[0m
    [35mfile[0m: [2m"go.etcd.io/etcd/client/v3@v3.5.15/retry_interceptor.go",[0m
    [35mfunction[0m: [2m"go.etcd.io/etcd/client/v3.(*Client).unaryClientInterceptor.func1",[0m
    [35mline[0m: [2m63[0m
[2m  },[0m
  [35mtarget[0m: [2m"etcd-endpoints://0xc00048a1e0/127.0.0.1:2379"[0m
[35m}[0m
---=== EOF(2) ===---
