{"time":"1009","level":"INFO","source":{"function":"tarantool-cluster-manager/internal/pkg/utils.Display","file":"tarantool-cluster-manager/internal/pkg/utils/struct.go","line":74},"msg":"    ","key":"TCM_STORAGE_TARANTOOL_EMBED_CONFIG","val":"\ncredentials:\n  users:\n    replicator:\n      password: '******'\n      roles: [replication]\n    client:\n      password: '******'\n      privileges:\n        - permissions: [execute]\n          universe: true\n        - permissions: [read, write]\n          spaces: [config_storage, config_storage_meta]\n\niproto:\n  advertise:\n    peer:\n      login: replicator\n\nreplication:\n  failover: election\n  timeout: 0.1\n  synchro_timeout: 0.1\n\ndatabase:\n  use_mvcc_engine: true\n\ngroups:\n  group-001:\n    replicasets:\n      replicaset-001:\n        instances:\n          instance-001:\n            iproto:\n              listen:\n                - uri: \"unix/:/tmp/tnt_config_instance.sock\"\n              advertise:\n                client: \"unix/:/tmp/tnt_config_instance.sock\"\n            roles:\n              - config.storage\n"}
{"time":"1010","level":"INFO","source":{"function":"tarantool-cluster-manager/cmd/tcm.TcmMain","file":"tarantool-cluster-manager/cmd/tcm/tcm.go","line":329},"msg":"build setting","path":"github.com/smacker/go-tree-sitter","version":"v0.0.0-20240625050157-a31a98a7c0f6","sum":""}
{"time":"1011","level":"WARN","source":{"function":"go.etcd.io/etcd/client/v3.(*Client).unaryClientInterceptor.func1","file":"go.etcd.io/etcd/client/v3@v3.5.15/retry_interceptor.go","line":63},"msg":"retrying of unary invoker failed","target":"etcd-endpoints://0xc00048a1e0/127.0.0.1:2379","attempt":0,"error":"rpc error: code = Canceled desc = context canceled"}
{"time":"1012","level":"","source":{"function":"tarantool-cluster-manager/internal/pkg/utils.Display","file":"tarantool-cluster-manager/internal/pkg/utils/struct.go","line":61},"msg":"","key":"TCM_HTTP_TLS_CURVE_PREFERENCES","val":null}
