1017 INF update stateboards started
1018 INF creating auditlog from settings from storage...
1019 INF start to watch acl endpoints=[http://127.0.0.1:2379]
1020 WRN retrying of unary invoker failed target=etcd-endpoints://0xc000418000/127.0.0.1:2379 attempt=0 error="rpc error: code = Canceled desc = latest balancer error: last connection error: connection error: desc = \"transport: Error while dialing: dial tcp 127.0.0.1:2379: connect: connection refused\""
1021 ERR fail to get entity from etcd path=/cluster/ err="context canceled"
---=== EOF(1) ===---
2001 INF  key=TCM_HTTP_WEBSESSION_COOKIE_PATH val=/
2002 INF  key=TCM_HTTP_WEBSESSION_COOKIE_DOMAIN val=""
2003 INF  key=TCM_HTTP_WEBSESSION_COOKIE_TTL val=2h0m0s
2004 INF  key=TCM_HTTP_TLS_CURVE_PREFERENCES val=[]
2005 INF  key=TCM_STORAGE_TARANTOOL_EMBED_CONFIG val="\ncredentials:\n  users:\n    replicator:\n      password: 'topsecret'\n      roles: [replication]\n    client:\n      password: 'secret'\n      privileges:\n        - permissions: [execute]\n          universe: true\n        - permissions: [read, write]\n          spaces: [config_storage, config_storage_meta]\n\niproto:\n  advertise:\n    peer:\n      login: replicator\n\nreplication:\n  failover: election\n  timeout: 0.1\n  synchro_timeout: 0.1\n\ndatabase:\n  use_mvcc_engine: true\n\ngroups:\n  group-001:\n    replicasets:\n      replicaset-001:\n        instances:\n          instance-001:\n            iproto:\n              listen:\n                - uri: \"unix/:/tmp/tnt_config_instance.sock\"\n              advertise:\n                client: \"unix/:/tmp/tnt_config_instance.sock\"\n            roles:\n              - config.storage\n"
2006 INF version: 1.3.1-0-g074b5ffa
2007 INF connecting to storage...
2008 INF connected to storage
2009 INF validation storage entities...
2010 INF storage entities validated
---=== EOF(2) ===---
